// Jest Snapshot v1, https://goo.gl/fbAQLP

exports[`renderCreateAccount Snapshot of register 1`] = `
<div>
  <div
    class="homepage1"
  >
    <header
      class="headerRegister"
    >
      <h2>
        Para crear una nueva cuenta, ingresa tus datos.
      </h2>
      <img
        src="img/evolucion.png"
        style="width: 40%; height: auto;"
      />
    </header>
    <div
      class="Inputcontainer"
    >
      <h4
        class="h4Register"
      >
        Nombres completos:
      </h4>
      <input
        class="input"
        type="text"
      />
      <h4
        class="h4Register"
      >
        Correo Electrónico:
      </h4>
      <input
        class="input"
        id="emailRegister"
        type="email"
      />
      <h4
        class="h4Register"
      >
        Contraseña:
      </h4>
      <input
        class="input"
        id="passwordRegister"
        type="password"
      />
      <span
        id="answerPass"
      />
      <button
        class="buttonRegister"
        id="continue"
      >
        Continuar
      </button>
      <h4
        id="or"
      >
        o
      </h4>
      <button
        class="buttonRegister"
        id="google"
      >
        <img
          class="imgGoogle"
          src="img/googleongpng.webp"
        />
        <h2>
          Registrarse con Google
        </h2>
      </button>
      <button
        class="buttonRegister"
        id="return"
      >
        Volver
      </button>
    </div>
  </div>
</div>
`;
